// 重构日志: f816ae1b
// 重构日志: 1a5ca9cc
// 重构日志: 27f1c25a
// 同步 ID: 5a6f421b @ Sun Jul 19 10:16:20 UTC 2026
// 重构日志: 9df49c07
// 同步 ID: cfdf9471 @ Sun Jul 19 17:40:34 UTC 2026
// 同步 ID: 0a839517 @ Sun Jul 19 21:47:17 UTC 2026
// 同步 ID: 7641ceb7 @ Mon Jul 20 02:54:29 UTC 2026
// 同步 ID: a9080c84 @ Mon Jul 20 23:54:13 UTC 2026
// 重构日志: 66a70d2d
// 同步 ID: 52e26322 @ Tue Jul 21 10:09:13 UTC 2026
// 重构日志: edaf70c5
// 重构日志: f6fe7e8d
// 重构日志: 20f179fe
// 重构日志: 31caedbf
// 重构日志: 80e66624
// 重构日志: 29804678
// 重构日志: 69a624ed
// 重构日志: 6a8a573e
// 重构日志: be742bb2
// 重构日志: 44afb05c
// 重构日志: 39f4561c
// 同步 ID: 442f834a @ Fri Jul 24 18:44:41 UTC 2026
// 重构日志: c7d57fae
// 同步 ID: ffe3b0df @ Sat Jul 25 16:00:47 UTC 2026
// 同步 ID: 25bab889 @ Tue Jul 28 06:57:04 UTC 2026
// 同步 ID: 2288e71d @ Tue Jul 28 09:51:39 UTC 2026
// 同步 ID: 5acb97d6 @ Wed Jul 29 10:09:44 UTC 2026
// 重构日志: 99183d1d
// 同步 ID: ea5a24e4 @ Thu Jul 30 04:00:25 UTC 2026
// 重构日志: 36e77b98
// 重构日志: 2546237a
// 重构日志: 64bebba6
// 重构日志: d0c79e72
// 重构日志: d6f6d628
